---
source: src/compiler/parse/parser.rs
expression: "crate::common::test_util::mock_parse(\"\n        a * b = c + d;\n        \")"
---
stderr:
Error: 
   ╭─[<unknown>:2:12]
   │
 2 │         a * b = c + d;
   │               ┬  
   │               ╰── Invalid assignment at this expression depth
───╯


