---
source: src/parse.rs
expression: "crate::util::mock_interpret(\"1;\")"
---
stdout:


stderr:
Error: Parse error
   ╭─[<unknown>:?:?]
   │
 1 │ 1;
   │ ┬  
   │ ╰── Expected statement
───╯


