---
source: src/parse.rs
expression: "crate::util::mock_interpret(\"print $;\")"
---
stdout:


stderr:
Error: Lexing error
   ╭─[<unknown>:?:?]
   │
 1 │ print $;
   │       ┬  
   │       ╰── Invalid token
───╯


