---
source: src/vm.rs
expression: "crate::util::mock_interpret(\"print 1;\")"
---
stdout:
1


stderr:


