---
source: src/main.rs
expression: "crate::common::util::mock_interpret(\"\n        fun foo() {\n            fun bar() {\n                return 1;\n            }\n            return bar;\n        }\n\n        print foo()();\n        \")"
---
stdout:
1


stderr:


