---
source: src/vm.rs
expression: "crate::util::mock_interpret(\"print false;\")"
---
stdout:
false


stderr:


