---
source: src/main.rs
expression: "crate::common::util::mock_interpret(\"print 1 != 1; print 0 != 1;\")"
---
stdout:
false
true


stderr:


